DROP IT
KEEP IT
DROP IT
KEEP IT
DROP IT
KEEP IT
DROP IT
KEEP IT
KEEP IT
DROP IT
KEEP IT
DROP IT
KEEP IT
KEEP IT
DROP IT
KEEP IT
DROP IT
DROP IT
KEEP IT
DROP IT
KEEP IT
DROP IT
KEEP IT
KEEP IT
DROP IT
KEEP IT
DROP IT
KEEP IT
DROP IT
KEEP IT
DROP IT
KEEP IT
KEEP IT
KEEP IT
KEEP IT
KEEP IT
KEEP IT
KEEP IT
DROP IT
DROP IT
KEEP IT
KEEP IT
DROP IT
KEEP IT
