one
twenty million, two hundred and twenty-two thousand, one hundred and forty-three
one million and one
zero
two
three
four
five
six
seven
eight
nine
ten
eleven
twelve
thirteen
fourteen
fifteen
sixteen
seventeen
eighteen
nineteen
twenty
twenty-one
thirty
thirty-two
forty
forty-three
fifty
fifty-four
sixty
sixty-five
seventy
seventy-six
eighty
eighty-seven
ninety
ninety-eight
one hundred
one hundred and two
one hundred and twelve
one hundred and thirty-one
two hundred and forty-four
three hundred and fifty-five
four hundred and sixty-six
five hundred and seventy-seven
six hundred and eighty-eight
seven hundred and ninety-nine
eight hundred
nine hundred and eight
one thousand
one thousand and one
two thousand and twelve
three thousand and seventy-eight
four thousand, one hundred and ninety-nine
five thousand, two hundred
nine thousand, nine hundred and ninety-nine
ten thousand
twenty thousand and two
thirty thousand and twelve
forty-nine thousand, eight hundred and seventy-six
fifty-five thousand, four hundred and thirty
sixty-one thousand
seventy-two thousand and nine
seventy-seven thousand, seven hundred and seventy-seven
ninety-nine thousand, nine hundred and ninety-nine
one hundred thousand
two hundred and one thousand
three hundred and twenty-one thousand
four hundred thousand and five
five hundred and forty thousand and sixty-five
six hundred and fifty thousand, one hundred and twenty-three
seven hundred and sixty-five thousand and fifty-six
nine hundred and ninety-nine thousand, nine hundred and ninety-nine
one million
two million and three
three million and nineteen
twenty million, one hundred and twenty-three
thirty-two million, one thousand, two hundred and thirty-four
eighty-seven million, twelve thousand
ninety-eight million, one hundred and twenty-three thousand
sixty-five million, one thousand and eleven
sixty-five million, one hundred and twenty-three thousand and eleven
one hundred million
one hundred and twenty million
one hundred and three million
two hundred million, four hundred thousand
three hundred million, forty thousand
four hundred million, five thousand
five hundred million, six hundred
six hundred million and seventy
seven hundred million and eight
one hundred and twenty-three million, four hundred and fifty-six thousand, seven hundred and eighty-nine
one hundred and twenty-three million, seven hundred and eighty-nine
seven hundred and seventy-seven million, seven hundred and seventy-seven thousand, seven hundred and seventy-seven
nine hundred and ninety-nine million, nine hundred and ninety-nine thousand, nine hundred and ninety-nine
