3rd cousin thrice removed
3rd cousin thrice removed
nephew
grandniece
great-grandchild
1st cousin once removed
kin
parent
grandparent
great-grandparent
great-grandaunt
child
1st cousin once removed
2nd cousin once removed
3rd cousin once removed
3rd cousin
3rd cousin
3rd cousin
3rd cousin
kin
kin
kin
kin
2nd cousin once removed
2nd cousin once removed
2nd cousin once removed
2nd cousin once removed
3rd cousin once removed
3rd cousin once removed
3rd cousin once removed
3rd cousin once removed
kin
kin
kin
kin
niece
nephew
aunt
uncle
child
child
parent
parent
niece
nephew
aunt
uncle
kin
kin
kin
kin
3rd cousin once removed
3rd cousin once removed
3rd cousin once removed
3rd cousin once removed
kin
kin
kin
kin
2nd cousin twice removed
2nd cousin twice removed
2nd cousin twice removed
2nd cousin twice removed
3rd cousin twice removed
3rd cousin twice removed
3rd cousin twice removed
3rd cousin twice removed
kin
kin
kin
kin
2nd cousin twice removed
2nd cousin twice removed
2nd cousin twice removed
2nd cousin twice removed
3rd cousin twice removed
3rd cousin twice removed
3rd cousin twice removed
3rd cousin twice removed
kin
kin
kin
kin
1st cousin twice removed
1st cousin twice removed
1st cousin twice removed
1st cousin twice removed
2nd cousin twice removed
2nd cousin twice removed
2nd cousin twice removed
2nd cousin twice removed
3rd cousin twice removed
3rd cousin twice removed
3rd cousin twice removed
3rd cousin twice removed
kin
kin
kin
kin
3rd cousin twice removed
3rd cousin twice removed
3rd cousin twice removed
3rd cousin twice removed
grandchild
grandchild
grandparent
grandparent
kin
kin
kin
kin
3rd cousin twice removed
3rd cousin twice removed
3rd cousin twice removed
3rd cousin twice removed
kin
kin
kin
kin
3rd cousin twice removed
3rd cousin twice removed
3rd cousin twice removed
3rd cousin twice removed
kin
kin
kin
kin
3rd cousin twice removed
3rd cousin twice removed
3rd cousin twice removed
3rd cousin twice removed
kin
kin
kin
kin
3rd cousin twice removed
3rd cousin twice removed
3rd cousin twice removed
3rd cousin twice removed
3rd cousin thrice removed
3rd cousin thrice removed
3rd cousin thrice removed
3rd cousin thrice removed
kin
kin
kin
kin
2nd cousin thrice removed
2nd cousin thrice removed
2nd cousin thrice removed
2nd cousin thrice removed
3rd cousin thrice removed
3rd cousin thrice removed
3rd cousin thrice removed
3rd cousin thrice removed
kin
kin
kin
kin
2nd cousin thrice removed
2nd cousin thrice removed
2nd cousin thrice removed
2nd cousin thrice removed
3rd cousin thrice removed
3rd cousin thrice removed
3rd cousin thrice removed
3rd cousin thrice removed
kin
kin
kin
kin
2nd cousin thrice removed
2nd cousin thrice removed
2nd cousin thrice removed
2nd cousin thrice removed
3rd cousin thrice removed
3rd cousin thrice removed
3rd cousin thrice removed
3rd cousin thrice removed
kin
kin
kin
kin
1st cousin thrice removed
1st cousin thrice removed
1st cousin thrice removed
1st cousin thrice removed
2nd cousin thrice removed
2nd cousin thrice removed
2nd cousin thrice removed
2nd cousin thrice removed
3rd cousin thrice removed
3rd cousin thrice removed
3rd cousin thrice removed
3rd cousin thrice removed
kin
kin
kin
kin
1st cousin thrice removed
1st cousin thrice removed
1st cousin thrice removed
1st cousin thrice removed
2nd cousin thrice removed
2nd cousin thrice removed
2nd cousin thrice removed
2nd cousin thrice removed
3rd cousin thrice removed
3rd cousin thrice removed
3rd cousin thrice removed
3rd cousin thrice removed
kin
kin
kin
kin
great-grandniece
great-grandnephew
great-grandaunt
great-granduncle
1st cousin thrice removed
1st cousin thrice removed
1st cousin thrice removed
1st cousin thrice removed
2nd cousin thrice removed
2nd cousin thrice removed
2nd cousin thrice removed
2nd cousin thrice removed
1st cousin thrice removed
1st cousin thrice removed
1st cousin thrice removed
1st cousin thrice removed
2nd cousin thrice removed
2nd cousin thrice removed
2nd cousin thrice removed
2nd cousin thrice removed
1st cousin thrice removed
1st cousin thrice removed
1st cousin thrice removed
1st cousin thrice removed
3rd cousin thrice removed
3rd cousin thrice removed
3rd cousin thrice removed
3rd cousin thrice removed
kin
kin
kin
kin
great-grandchild
great-grandchild
great-grandparent
great-grandparent
great-grandniece
great-grandnephew
great-grandaunt
great-granduncle
kin
kin
kin
kin
3rd cousin thrice removed
3rd cousin thrice removed
3rd cousin thrice removed
3rd cousin thrice removed
kin
kin
kin
kin
3rd cousin thrice removed
3rd cousin thrice removed
3rd cousin thrice removed
3rd cousin thrice removed
kin
kin
kin
kin
3rd cousin thrice removed
3rd cousin thrice removed
3rd cousin thrice removed
3rd cousin thrice removed
kin
kin
kin
kin
3rd cousin thrice removed
3rd cousin thrice removed
3rd cousin thrice removed
3rd cousin thrice removed
kin
kin
kin
kin
3rd cousin thrice removed
3rd cousin thrice removed
3rd cousin thrice removed
3rd cousin thrice removed
kin
kin
kin
kin
3rd cousin thrice removed
3rd cousin thrice removed
3rd cousin thrice removed
3rd cousin thrice removed
kin
kin
kin
kin
3rd cousin thrice removed
3rd cousin thrice removed
3rd cousin thrice removed
3rd cousin thrice removed
kin
kin
kin
kin
great-great-grandniece
great-great-grandnephew
great-great-grandaunt
great-great-granduncle
kin
kin
kin
kin
great-great-grandniece
great-great-grandnephew
great-great-grandaunt
great-great-granduncle
kin
kin
kin
kin
great-great-grandchild
great-great-grandchild
great-great-grandparent
great-great-grandparent
kin
kin
kin
kin
great-great-grandchild
great-great-grandchild
great-great-grandparent
great-great-grandparent
great-great-grandniece
great-great-grandnephew
great-great-grandaunt
great-great-granduncle
kin
kin
kin
kin
